2025-10-06 16:47:27,270 - INFO - Adding job tentatively -- it will be properly scheduled when the scheduler starts
2025-10-06 16:47:27,273 - INFO - Adding job tentatively -- it will be properly scheduled when the scheduler starts
2025-10-06 16:47:27,312 - INFO - Added job "get_all_weather_data" to job store "default"
2025-10-06 16:47:27,312 - INFO - Scheduler started
2025-10-06 16:47:27,312 - INFO - Running job "get_all_weather_data (trigger: date[2025-10-06 16:47:27 +07], next run at: 2025-10-06 16:47:27 +07)" (scheduled at 2025-10-06 16:47:27.273279+07:00)
2025-10-06 16:47:27,313 - INFO - Removed job initial_fetch
2025-10-06 16:47:36,620 - INFO - Job "get_all_weather_data (trigger: date[2025-10-06 16:47:27 +07], next run at: 2025-10-06 16:47:27 +07)" executed successfully
2025-10-06 17:38:08,086 - INFO - Adding job tentatively -- it will be properly scheduled when the scheduler starts
2025-10-06 17:38:08,087 - INFO - Adding job tentatively -- it will be properly scheduled when the scheduler starts
2025-10-06 17:38:08,104 - INFO - Added job "get_all_weather_data" to job store "default"
2025-10-06 17:38:08,104 - INFO - Scheduler started
2025-10-06 17:38:08,105 - INFO - Running job "get_all_weather_data (trigger: date[2025-10-06 17:38:08 +07], next run at: 2025-10-06 17:38:08 +07)" (scheduled at 2025-10-06 17:38:08.087177+07:00)
2025-10-06 17:38:08,105 - INFO - Removed job initial_fetch
2025-10-06 17:38:19,564 - INFO - Job "get_all_weather_data (trigger: date[2025-10-06 17:38:08 +07], next run at: 2025-10-06 17:38:08 +07)" executed successfully
2025-10-07 11:00:20,051 - INFO - Adding job tentatively -- it will be properly scheduled when the scheduler starts
2025-10-07 11:00:20,065 - INFO - Scheduler started
2025-10-07 21:52:43,394 - INFO - Adding job tentatively -- it will be properly scheduled when the scheduler starts
2025-10-07 21:52:43,401 - INFO - Adding job tentatively -- it will be properly scheduled when the scheduler starts
2025-10-07 21:52:43,570 - INFO - Scheduler started
2025-10-07 21:52:43,574 - INFO - Removed job intial
2025-10-07 22:04:24,839 - INFO - Adding job tentatively -- it will be properly scheduled when the scheduler starts
2025-10-07 22:04:24,840 - INFO - Adding job tentatively -- it will be properly scheduled when the scheduler starts
2025-10-07 22:04:24,869 - INFO - Scheduler started
2025-10-07 22:04:24,871 - INFO - Removed job intial
2025-10-07 22:06:45,467 - INFO - Adding job tentatively -- it will be properly scheduled when the scheduler starts
2025-10-07 22:06:45,468 - INFO - Adding job tentatively -- it will be properly scheduled when the scheduler starts
2025-10-07 22:06:45,494 - INFO - Scheduler started
2025-10-07 22:06:45,498 - INFO - Removed job intial
2025-10-18 15:46:32,308 - INFO - Adding job tentatively -- it will be properly scheduled when the scheduler starts
2025-10-18 15:46:32,308 - INFO - Adding job tentatively -- it will be properly scheduled when the scheduler starts
2025-10-18 15:46:32,325 - INFO - Scheduler started
2025-10-18 15:46:32,327 - INFO - Removed job intial
2025-10-18 17:05:36,499 - INFO - Adding job tentatively -- it will be properly scheduled when the scheduler starts
2025-10-18 17:05:36,500 - INFO - Adding job tentatively -- it will be properly scheduled when the scheduler starts
2025-10-18 17:05:36,515 - INFO - Scheduler started
2025-10-18 17:05:36,516 - INFO - Removed job intial
2025-10-18 21:13:56,894 - INFO - Adding job tentatively -- it will be properly scheduled when the scheduler starts
2025-10-18 21:13:56,895 - INFO - Adding job tentatively -- it will be properly scheduled when the scheduler starts
2025-10-18 21:13:56,941 - INFO - Scheduler started
2025-10-18 21:13:56,943 - INFO - Removed job intial
2025-10-19 11:34:41,081 - INFO - Adding job tentatively -- it will be properly scheduled when the scheduler starts
2025-10-19 11:34:41,082 - INFO - Adding job tentatively -- it will be properly scheduled when the scheduler starts
2025-10-19 11:34:41,125 - INFO - Scheduler started
2025-10-19 11:34:41,126 - INFO - Removed job intial
2025-10-19 13:52:45,237 - INFO - Adding job tentatively -- it will be properly scheduled when the scheduler starts
2025-10-19 13:52:45,238 - INFO - Adding job tentatively -- it will be properly scheduled when the scheduler starts
2025-10-19 13:52:45,304 - INFO - Scheduler started
2025-10-19 13:52:45,306 - INFO - Removed job intial
2025-10-19 16:16:32,751 - INFO - Adding job tentatively -- it will be properly scheduled when the scheduler starts
2025-10-19 16:16:32,752 - INFO - Adding job tentatively -- it will be properly scheduled when the scheduler starts
2025-10-19 16:16:32,769 - INFO - Scheduler started
2025-10-19 16:16:32,770 - INFO - Removed job intial
2025-10-19 20:33:47,887 - INFO - Adding job tentatively -- it will be properly scheduled when the scheduler starts
2025-10-19 20:33:47,889 - INFO - Adding job tentatively -- it will be properly scheduled when the scheduler starts
2025-10-19 20:33:47,932 - INFO - Scheduler started
2025-10-19 20:33:47,936 - INFO - Removed job intial
2025-10-19 23:25:31,340 - INFO - Adding job tentatively -- it will be properly scheduled when the scheduler starts
2025-10-19 23:25:31,342 - INFO - Adding job tentatively -- it will be properly scheduled when the scheduler starts
2025-10-19 23:25:31,405 - INFO - Scheduler started
2025-10-19 23:25:31,406 - INFO - Removed job intial
2025-10-20 05:34:44,760 - INFO - Adding job tentatively -- it will be properly scheduled when the scheduler starts
2025-10-20 05:34:44,761 - INFO - Adding job tentatively -- it will be properly scheduled when the scheduler starts
2025-10-20 05:34:44,791 - INFO - Scheduler started
2025-10-20 05:34:44,793 - INFO - Removed job intial
2025-10-20 08:30:17,479 - INFO - Adding job tentatively -- it will be properly scheduled when the scheduler starts
2025-10-20 08:30:17,482 - INFO - Adding job tentatively -- it will be properly scheduled when the scheduler starts
2025-10-20 08:30:17,562 - INFO - Scheduler started
2025-10-20 08:30:17,567 - INFO - Removed job intial
2025-10-20 10:44:37,940 - INFO - Adding job tentatively -- it will be properly scheduled when the scheduler starts
2025-10-20 10:44:37,941 - INFO - Adding job tentatively -- it will be properly scheduled when the scheduler starts
2025-10-20 10:44:37,988 - INFO - Scheduler started
2025-10-20 10:44:37,990 - INFO - Removed job intial
2025-10-20 13:40:12,426 - INFO - Adding job tentatively -- it will be properly scheduled when the scheduler starts
2025-10-20 13:40:12,427 - INFO - Adding job tentatively -- it will be properly scheduled when the scheduler starts
2025-10-20 13:40:12,526 - INFO - Scheduler started
2025-10-20 13:40:12,528 - INFO - Removed job intial
2025-10-20 19:26:01,872 - INFO - Adding job tentatively -- it will be properly scheduled when the scheduler starts
2025-10-20 19:26:01,873 - INFO - Adding job tentatively -- it will be properly scheduled when the scheduler starts
2025-10-20 19:26:01,918 - INFO - Scheduler started
2025-10-20 19:26:01,919 - INFO - Removed job intial
2025-10-20 22:54:01,892 - INFO - Scheduler has been shut down
2025-10-21 05:41:43,247 - INFO - Adding job tentatively -- it will be properly scheduled when the scheduler starts
2025-10-21 05:41:43,248 - INFO - Adding job tentatively -- it will be properly scheduled when the scheduler starts
2025-10-21 05:41:43,341 - INFO - Scheduler started
2025-10-21 05:41:43,343 - INFO - Removed job intial
2025-10-21 05:58:59,125 - INFO - Adding job tentatively -- it will be properly scheduled when the scheduler starts
2025-10-21 05:58:59,126 - INFO - Adding job tentatively -- it will be properly scheduled when the scheduler starts
2025-10-21 05:58:59,155 - INFO - Scheduler started
2025-10-21 05:58:59,156 - INFO - Removed job intial
2025-10-21 19:44:43,519 - INFO - Adding job tentatively -- it will be properly scheduled when the scheduler starts
2025-10-21 19:44:43,520 - INFO - Adding job tentatively -- it will be properly scheduled when the scheduler starts
2025-10-21 19:44:43,562 - INFO - Scheduler started
2025-10-21 19:44:43,563 - INFO - Removed job intial
